// Vitest Snapshot v1, https://vitest.dev/guide/snapshot.html

exports[`renderCard > matches its season snapshot for every archetype 1`] = `
[
  {
    "id": "grief_romantic",
    "text": [
      "96,276 500 26px | MY READING DNASINCE AUGUST",
      "96,1640 500 26px | what's yours?",
      "728,1640 500 30px | bibliome.app",
      "96,1013 italic 400 52px | Lately, I'm in a",
      "96,1162 400 168px | World-Diver",
      "96,1309 italic 400 168px | season.",
      "96,1413 italic 400 50px | Still a Grief Romantic at heart.",
      "96,1486 500 20px | MY LAST 6 BOOKS",
      "96,1554 500 56px | 5",
      "133,1554 500 30px | awe",
      "222,1554 500 56px | 4",
      "259,1554 500 30px | page-turner",
    ],
  },
  {
    "id": "control_intellectual",
    "text": [
      "96,276 500 26px | MY READING DNASINCE AUGUST",
      "96,1640 500 26px | what's yours?",
      "728,1640 500 30px | bibliome.app",
      "96,954 italic 400 52px | Lately, I'm in a",
      "96,1103 400 168px | World-Diver",
      "96,1250 italic 400 168px | season.",
      "96,1354 italic 400 50px | Still a Control-Seeking Intellectual at",
      "96,1413 italic 400 50px | heart.",
      "96,1486 500 20px | MY LAST 6 BOOKS",
      "96,1554 500 56px | 5",
      "133,1554 500 30px | awe",
      "222,1554 500 56px | 4",
      "259,1554 500 30px | page-turner",
    ],
  },
  {
    "id": "soft_masochist",
    "text": [
      "96,276 500 26px | MY READING DNASINCE AUGUST",
      "96,1640 500 26px | what's yours?",
      "728,1640 500 30px | bibliome.app",
      "96,1013 italic 400 52px | Lately, I'm in a",
      "96,1162 400 168px | World-Diver",
      "96,1309 italic 400 168px | season.",
      "96,1413 italic 400 50px | Still a Soft Masochist at heart.",
      "96,1486 500 20px | MY LAST 6 BOOKS",
      "96,1554 500 56px | 5",
      "133,1554 500 30px | awe",
      "222,1554 500 56px | 4",
      "259,1554 500 30px | page-turner",
    ],
  },
  {
    "id": "comfort_architect",
    "text": [
      "96,276 500 26px | MY READING DNASINCE AUGUST",
      "96,1640 500 26px | what's yours?",
      "728,1640 500 30px | bibliome.app",
      "96,1013 italic 400 52px | Lately, I'm in a",
      "96,1162 400 168px | World-Diver",
      "96,1309 italic 400 168px | season.",
      "96,1413 italic 400 50px | Still a Comfort Architect at heart.",
      "96,1486 500 20px | MY LAST 6 BOOKS",
      "96,1554 500 56px | 5",
      "133,1554 500 30px | awe",
      "222,1554 500 56px | 4",
      "259,1554 500 30px | page-turner",
    ],
  },
  {
    "id": "midnight_arsonist",
    "text": [
      "96,276 500 26px | MY READING DNASINCE AUGUST",
      "96,1640 500 26px | what's yours?",
      "728,1640 500 30px | bibliome.app",
      "96,1013 italic 400 52px | Lately, I'm in a",
      "96,1162 400 168px | World-Diver",
      "96,1309 italic 400 168px | season.",
      "96,1413 italic 400 50px | Still a Midnight Arsonist at heart.",
      "96,1486 500 20px | MY LAST 6 BOOKS",
      "96,1554 500 56px | 5",
      "133,1554 500 30px | awe",
      "222,1554 500 56px | 4",
      "259,1554 500 30px | page-turner",
    ],
  },
  {
    "id": "quiet_witness",
    "text": [
      "96,276 500 26px | MY READING DNASINCE AUGUST",
      "96,1640 500 26px | what's yours?",
      "728,1640 500 30px | bibliome.app",
      "96,1013 italic 400 52px | Lately, I'm in a",
      "96,1162 400 168px | World-Diver",
      "96,1309 italic 400 168px | season.",
      "96,1413 italic 400 50px | Still a Quiet Witness at heart.",
      "96,1486 500 20px | MY LAST 6 BOOKS",
      "96,1554 500 56px | 5",
      "133,1554 500 30px | awe",
      "222,1554 500 56px | 4",
      "259,1554 500 30px | page-turner",
    ],
  },
  {
    "id": "obsessive_romantic",
    "text": [
      "96,276 500 26px | MY READING DNASINCE AUGUST",
      "96,1640 500 26px | what's yours?",
      "728,1640 500 30px | bibliome.app",
      "96,1013 italic 400 52px | Lately, I'm in a",
      "96,1162 400 168px | World-Diver",
      "96,1309 italic 400 168px | season.",
      "96,1413 italic 400 50px | Still an Obsessive Romantic at heart.",
      "96,1486 500 20px | MY LAST 6 BOOKS",
      "96,1554 500 56px | 5",
      "133,1554 500 30px | awe",
      "222,1554 500 56px | 4",
      "259,1554 500 30px | page-turner",
    ],
  },
  {
    "id": "emotional_archaeologist",
    "text": [
      "96,276 500 26px | MY READING DNASINCE AUGUST",
      "96,1640 500 26px | what's yours?",
      "728,1640 500 30px | bibliome.app",
      "96,954 italic 400 52px | Lately, I'm in a",
      "96,1103 400 168px | World-Diver",
      "96,1250 italic 400 168px | season.",
      "96,1354 italic 400 50px | Still an Emotional Archaeologist at",
      "96,1413 italic 400 50px | heart.",
      "96,1486 500 20px | MY LAST 6 BOOKS",
      "96,1554 500 56px | 5",
      "133,1554 500 30px | awe",
      "222,1554 500 56px | 4",
      "259,1554 500 30px | page-turner",
    ],
  },
  {
    "id": "world_diver",
    "text": [
      "96,276 500 26px | MY READING DNASINCE AUGUST",
      "96,1640 500 26px | what's yours?",
      "728,1640 500 30px | bibliome.app",
      "96,1013 italic 400 52px | Lately, I'm in a",
      "96,1162 400 168px | World-Diver",
      "96,1309 italic 400 168px | season.",
      "96,1413 italic 400 50px | Still a World-Diver at heart.",
      "96,1486 500 20px | MY LAST 6 BOOKS",
      "96,1554 500 56px | 5",
      "133,1554 500 30px | awe",
      "222,1554 500 56px | 4",
      "259,1554 500 30px | page-turner",
    ],
  },
  {
    "id": "adrenaline_seeker",
    "text": [
      "96,276 500 26px | MY READING DNASINCE AUGUST",
      "96,1640 500 26px | what's yours?",
      "728,1640 500 30px | bibliome.app",
      "96,1013 italic 400 52px | Lately, I'm in a",
      "96,1162 400 168px | World-Diver",
      "96,1309 italic 400 168px | season.",
      "96,1413 italic 400 50px | Still an Adrenaline Seeker at heart.",
      "96,1486 500 20px | MY LAST 6 BOOKS",
      "96,1554 500 56px | 5",
      "133,1554 500 30px | awe",
      "222,1554 500 56px | 4",
      "259,1554 500 30px | page-turner",
    ],
  },
  {
    "id": "sunshine_romantic",
    "text": [
      "96,276 500 26px | MY READING DNASINCE AUGUST",
      "96,1640 500 26px | what's yours?",
      "728,1640 500 30px | bibliome.app",
      "96,1013 italic 400 52px | Lately, I'm in a",
      "96,1162 400 168px | World-Diver",
      "96,1309 italic 400 168px | season.",
      "96,1413 italic 400 50px | Still a Sunshine Romantic at heart.",
      "96,1486 500 20px | MY LAST 6 BOOKS",
      "96,1554 500 56px | 5",
      "133,1554 500 30px | awe",
      "222,1554 500 56px | 4",
      "259,1554 500 30px | page-turner",
    ],
  },
  {
    "id": "discerning_reader",
    "text": [
      "96,276 500 26px | MY READING DNASINCE AUGUST",
      "96,1640 500 26px | what's yours?",
      "728,1640 500 30px | bibliome.app",
      "96,1013 italic 400 52px | Lately, I'm in a",
      "96,1162 400 168px | World-Diver",
      "96,1309 italic 400 168px | season.",
      "96,1413 italic 400 50px | Still a Discerning Reader at heart.",
      "96,1486 500 20px | MY LAST 6 BOOKS",
      "96,1554 500 56px | 5",
      "133,1554 500 30px | awe",
      "222,1554 500 56px | 4",
      "259,1554 500 30px | page-turner",
    ],
  },
]
`;

exports[`renderCard > matches its square snapshot for every archetype 1`] = `
[
  {
    "id": "grief_romantic",
    "text": [
      "80,102 500 24px | MY READING DNA34 BOOKS · 2026",
      "778,964 500 24px | what's yours?",
      "795,1000 500 24px | bibliome.app",
      "80,1000 500 48px | 14",
      "133,1000 500 26px | heartbreak",
      "299,1000 500 48px | 9",
      "331,1000 500 26px | catharsis",
      "484,1000 500 48px | 7",
      "515,1000 500 26px | haunted",
      "560,325 italic 400 40px | I'm a",
      "560,431 400 108px | Grief",
      "560,528 italic 400 108px | Romantic.",
      "560,602 italic 400 38px | Loss isn't my enemy.",
      "560,647 italic 400 38px | Numbness is.",
      "568,701 500 16px | RED FLAG",
      "560,741 500 24px | I avoid neat happy endings",
    ],
  },
  {
    "id": "control_intellectual",
    "text": [
      "80,102 500 24px | MY READING DNA34 BOOKS · 2026",
      "778,964 500 24px | what's yours?",
      "795,1000 500 24px | bibliome.app",
      "80,1000 500 48px | 14",
      "133,1000 500 26px | heartbreak",
      "299,1000 500 48px | 9",
      "331,1000 500 26px | catharsis",
      "484,1000 500 48px | 7",
      "515,1000 500 26px | haunted",
      "560,350 italic 400 40px | I'm a",
      "560,423 400 64px | Control-Seeking",
      "560,481 italic 400 64px | Intellectual.",
      "560,547 italic 400 38px | If it scares me, I read",
      "560,593 italic 400 38px | until it doesn't.",
      "568,646 500 16px | RED FLAG",
      "560,686 500 24px | I'd rather analyse a feeling than",
      "560,716 500 24px | have it",
    ],
  },
  {
    "id": "soft_masochist",
    "text": [
      "80,102 500 24px | MY READING DNA34 BOOKS · 2026",
      "778,964 500 24px | what's yours?",
      "795,1000 500 24px | bibliome.app",
      "80,1000 500 48px | 14",
      "133,1000 500 26px | heartbreak",
      "299,1000 500 48px | 9",
      "331,1000 500 26px | catharsis",
      "484,1000 500 48px | 7",
      "515,1000 500 26px | haunted",
      "560,321 italic 400 40px | I'm a",
      "560,418 400 96px | Soft",
      "560,504 italic 400 96px | Masochist.",
      "560,576 italic 400 38px | I choose pain on purpose.",
      "560,622 italic 400 38px | Not sorrow — teeth.",
      "568,675 500 16px | RED FLAG",
      "560,715 500 24px | I don't trust a book that feels too",
      "560,745 500 24px | safe",
    ],
  },
  {
    "id": "comfort_architect",
    "text": [
      "80,102 500 24px | MY READING DNA34 BOOKS · 2026",
      "778,964 500 24px | what's yours?",
      "795,1000 500 24px | bibliome.app",
      "80,1000 500 48px | 14",
      "133,1000 500 26px | heartbreak",
      "299,1000 500 48px | 9",
      "331,1000 500 26px | catharsis",
      "484,1000 500 48px | 7",
      "515,1000 500 26px | haunted",
      "560,321 italic 400 40px | I'm a",
      "560,418 400 96px | Comfort",
      "560,504 italic 400 96px | Architect.",
      "560,576 italic 400 38px | My bookshelf isn't a",
      "560,622 italic 400 38px | collection. It's a home.",
      "568,675 500 16px | RED FLAG",
      "560,715 500 24px | I re-read instead of risking",
      "560,745 500 24px | something new",
    ],
  },
  {
    "id": "midnight_arsonist",
    "text": [
      "80,102 500 24px | MY READING DNA34 BOOKS · 2026",
      "778,964 500 24px | what's yours?",
      "795,1000 500 24px | bibliome.app",
      "80,1000 500 48px | 14",
      "133,1000 500 26px | heartbreak",
      "299,1000 500 48px | 9",
      "331,1000 500 26px | catharsis",
      "484,1000 500 48px | 7",
      "515,1000 500 26px | haunted",
      "560,325 italic 400 40px | I'm a",
      "560,431 400 108px | Midnight",
      "560,528 italic 400 108px | Arsonist.",
      "560,602 italic 400 38px | I read to set fire to my",
      "560,647 italic 400 38px | own beliefs.",
      "568,701 500 16px | RED FLAG",
      "560,741 500 24px | I call gentle books boring",
    ],
  },
  {
    "id": "quiet_witness",
    "text": [
      "80,102 500 24px | MY READING DNA34 BOOKS · 2026",
      "778,964 500 24px | what's yours?",
      "795,1000 500 24px | bibliome.app",
      "80,1000 500 48px | 14",
      "133,1000 500 26px | heartbreak",
      "299,1000 500 48px | 9",
      "331,1000 500 26px | catharsis",
      "484,1000 500 48px | 7",
      "515,1000 500 26px | haunted",
      "560,322 italic 400 40px | I'm a",
      "560,430 400 112px | Quiet",
      "560,531 italic 400 112px | Witness.",
      "560,605 italic 400 38px | Books are where I stop",
      "560,651 italic 400 38px | performing.",
      "568,704 500 16px | RED FLAG",
      "560,744 500 24px | I observe more than I feel",
    ],
  },
  {
    "id": "obsessive_romantic",
    "text": [
      "80,102 500 24px | MY READING DNA34 BOOKS · 2026",
      "778,964 500 24px | what's yours?",
      "795,1000 500 24px | bibliome.app",
      "80,1000 500 48px | 14",
      "133,1000 500 26px | heartbreak",
      "299,1000 500 48px | 9",
      "331,1000 500 26px | catharsis",
      "484,1000 500 48px | 7",
      "515,1000 500 26px | haunted",
      "560,310 italic 400 40px | I'm an",
      "560,416 400 108px | Obsessive",
      "560,513 italic 400 108px | Romantic.",
      "560,587 italic 400 38px | I don't read books. I",
      "560,632 italic 400 38px | fall into them.",
      "568,686 500 16px | RED FLAG",
      "560,726 500 24px | I quit books I can't fall in love",
      "560,756 500 24px | with",
    ],
  },
  {
    "id": "emotional_archaeologist",
    "text": [
      "80,102 500 24px | MY READING DNA34 BOOKS · 2026",
      "778,964 500 24px | what's yours?",
      "795,1000 500 24px | bibliome.app",
      "80,1000 500 48px | 14",
      "133,1000 500 26px | heartbreak",
      "299,1000 500 48px | 9",
      "331,1000 500 26px | catharsis",
      "484,1000 500 48px | 7",
      "515,1000 500 26px | haunted",
      "560,346 italic 400 40px | I'm an",
      "560,423 400 68px | Emotional",
      "560,484 italic 400 68px | Archaeologist.",
      "560,551 italic 400 38px | Every book is a dig for a",
      "560,596 italic 400 38px | buried part of me.",
      "568,650 500 16px | RED FLAG",
      "560,690 500 24px | I find meaning even where there's",
      "560,720 500 24px | none",
    ],
  },
  {
    "id": "world_diver",
    "text": [
      "80,102 500 24px | MY READING DNA34 BOOKS · 2026",
      "778,964 500 24px | what's yours?",
      "795,1000 500 24px | bibliome.app",
      "80,1000 500 48px | 14",
      "133,1000 500 26px | heartbreak",
      "299,1000 500 48px | 9",
      "331,1000 500 26px | catharsis",
      "484,1000 500 48px | 7",
      "515,1000 500 26px | haunted",
      "560,371 italic 400 40px | I'm a",
      "560,457 italic 400 80px | World-Diver.",
      "560,526 italic 400 38px | I read to live somewhere",
      "560,571 italic 400 38px | else.",
      "568,625 500 16px | RED FLAG",
      "560,665 500 24px | I skip quiet books that don't take",
      "560,695 500 24px | me anywhere",
    ],
  },
  {
    "id": "adrenaline_seeker",
    "text": [
      "80,102 500 24px | MY READING DNA34 BOOKS · 2026",
      "778,964 500 24px | what's yours?",
      "795,1000 500 24px | bibliome.app",
      "80,1000 500 48px | 14",
      "133,1000 500 26px | heartbreak",
      "299,1000 500 48px | 9",
      "331,1000 500 26px | catharsis",
      "484,1000 500 48px | 7",
      "515,1000 500 26px | haunted",
      "560,336 italic 400 40px | I'm an",
      "560,433 400 96px | Adrenaline",
      "560,519 italic 400 96px | Seeker.",
      "560,591 italic 400 38px | If it doesn't grab me by",
      "560,637 italic 400 38px | the collar, I'm out.",
      "568,690 500 16px | RED FLAG",
      "560,730 500 24px | I rush past the quiet parts",
    ],
  },
  {
    "id": "sunshine_romantic",
    "text": [
      "80,102 500 24px | MY READING DNA34 BOOKS · 2026",
      "778,964 500 24px | what's yours?",
      "795,1000 500 24px | bibliome.app",
      "80,1000 500 48px | 14",
      "133,1000 500 26px | heartbreak",
      "299,1000 500 48px | 9",
      "331,1000 500 26px | catharsis",
      "484,1000 500 48px | 7",
      "515,1000 500 26px | haunted",
      "560,302 italic 400 40px | I'm a",
      "560,408 400 108px | Sunshine",
      "560,506 italic 400 108px | Romantic.",
      "560,579 italic 400 38px | I believe in love",
      "560,625 italic 400 38px | stories. Not embarrassed",
      "560,670 italic 400 38px | about it.",
      "568,724 500 16px | RED FLAG",
      "560,764 500 24px | I bail when a story turns dark",
    ],
  },
  {
    "id": "discerning_reader",
    "text": [
      "80,102 500 24px | MY READING DNA34 BOOKS · 2026",
      "778,964 500 24px | what's yours?",
      "795,1000 500 24px | bibliome.app",
      "80,1000 500 48px | 14",
      "133,1000 500 26px | heartbreak",
      "299,1000 500 48px | 9",
      "331,1000 500 26px | catharsis",
      "484,1000 500 48px | 7",
      "515,1000 500 26px | haunted",
      "560,298 italic 400 40px | I'm a",
      "560,395 400 96px | Discerning",
      "560,482 italic 400 96px | Reader.",
      "560,553 italic 400 38px | Most books don't reach",
      "560,599 italic 400 38px | me. The ones that do,",
      "560,644 italic 400 38px | matter.",
      "568,698 500 16px | RED FLAG",
      "560,738 500 24px | I decide a book has failed before",
      "560,768 500 24px | it's finished",
    ],
  },
]
`;

exports[`renderCard > matches its story snapshot for every archetype 1`] = `
[
  {
    "id": "grief_romantic",
    "text": [
      "96,276 500 26px | MY READING DNA34 BOOKS · 2026",
      "96,1640 500 26px | what's yours?",
      "728,1640 500 30px | bibliome.app",
      "96,943 italic 400 52px | I'm a",
      "96,1092 400 168px | Grief",
      "96,1239 italic 400 168px | Romantic.",
      "96,1343 italic 400 50px | Loss isn't my enemy. Numbness is.",
      "96,1416 500 20px | WHAT MY BOOKS DID TO ME",
      "96,1484 500 56px | 14",
      "158,1484 500 30px | heartbreak",
      "352,1484 500 56px | 9",
      "390,1484 500 30px | catharsis",
      "569,1484 500 56px | 7",
      "606,1484 500 30px | haunted",
      "106,1552 500 20px | RED FLAG",
      "248,1552 500 28px | I avoid neat happy endings",
    ],
  },
  {
    "id": "control_intellectual",
    "text": [
      "96,276 500 26px | MY READING DNA34 BOOKS · 2026",
      "96,1640 500 26px | what's yours?",
      "728,1640 500 30px | bibliome.app",
      "96,951 italic 400 52px | I'm a",
      "96,1071 400 130px | Control-Seeking",
      "96,1186 italic 400 130px | Intellectual.",
      "96,1284 italic 400 50px | If it scares me, I read until it",
      "96,1343 italic 400 50px | doesn't.",
      "96,1416 500 20px | WHAT MY BOOKS DID TO ME",
      "96,1484 500 56px | 14",
      "158,1484 500 30px | heartbreak",
      "352,1484 500 56px | 9",
      "390,1484 500 30px | catharsis",
      "569,1484 500 56px | 7",
      "606,1484 500 30px | haunted",
      "106,1552 500 20px | RED FLAG",
      "248,1552 500 28px | I'd rather analyse a feeling than have it",
    ],
  },
  {
    "id": "soft_masochist",
    "text": [
      "96,276 500 26px | MY READING DNA34 BOOKS · 2026",
      "96,1640 500 26px | what's yours?",
      "728,1640 500 30px | bibliome.app",
      "96,884 italic 400 52px | I'm a",
      "96,1033 400 168px | Soft",
      "96,1180 italic 400 168px | Masochist.",
      "96,1284 italic 400 50px | I choose pain on purpose. Not sorrow —",
      "96,1343 italic 400 50px | teeth.",
      "96,1416 500 20px | WHAT MY BOOKS DID TO ME",
      "96,1484 500 56px | 14",
      "158,1484 500 30px | heartbreak",
      "352,1484 500 56px | 9",
      "390,1484 500 30px | catharsis",
      "569,1484 500 56px | 7",
      "606,1484 500 30px | haunted",
      "106,1552 500 20px | RED FLAG",
      "248,1552 500 28px | I don't trust a book that feels too safe",
    ],
  },
  {
    "id": "comfort_architect",
    "text": [
      "96,276 500 26px | MY READING DNA34 BOOKS · 2026",
      "96,1640 500 26px | what's yours?",
      "728,1640 500 30px | bibliome.app",
      "96,884 italic 400 52px | I'm a",
      "96,1033 400 168px | Comfort",
      "96,1180 italic 400 168px | Architect.",
      "96,1284 italic 400 50px | My bookshelf isn't a collection. It's a",
      "96,1343 italic 400 50px | home.",
      "96,1416 500 20px | WHAT MY BOOKS DID TO ME",
      "96,1484 500 56px | 14",
      "158,1484 500 30px | heartbreak",
      "352,1484 500 56px | 9",
      "390,1484 500 30px | catharsis",
      "569,1484 500 56px | 7",
      "606,1484 500 30px | haunted",
      "106,1552 500 20px | RED FLAG",
      "248,1552 500 28px | I re-read instead of risking something new",
    ],
  },
  {
    "id": "midnight_arsonist",
    "text": [
      "96,276 500 26px | MY READING DNA34 BOOKS · 2026",
      "96,1640 500 26px | what's yours?",
      "728,1640 500 30px | bibliome.app",
      "96,943 italic 400 52px | I'm a",
      "96,1092 400 168px | Midnight",
      "96,1239 italic 400 168px | Arsonist.",
      "96,1343 italic 400 50px | I read to set fire to my own beliefs.",
      "96,1416 500 20px | WHAT MY BOOKS DID TO ME",
      "96,1484 500 56px | 14",
      "158,1484 500 30px | heartbreak",
      "352,1484 500 56px | 9",
      "390,1484 500 30px | catharsis",
      "569,1484 500 56px | 7",
      "606,1484 500 30px | haunted",
      "106,1552 500 20px | RED FLAG",
      "248,1552 500 28px | I call gentle books boring",
    ],
  },
  {
    "id": "quiet_witness",
    "text": [
      "96,276 500 26px | MY READING DNA34 BOOKS · 2026",
      "96,1640 500 26px | what's yours?",
      "728,1640 500 30px | bibliome.app",
      "96,943 italic 400 52px | I'm a",
      "96,1092 400 168px | Quiet",
      "96,1239 italic 400 168px | Witness.",
      "96,1343 italic 400 50px | Books are where I stop performing.",
      "96,1416 500 20px | WHAT MY BOOKS DID TO ME",
      "96,1484 500 56px | 14",
      "158,1484 500 30px | heartbreak",
      "352,1484 500 56px | 9",
      "390,1484 500 30px | catharsis",
      "569,1484 500 56px | 7",
      "606,1484 500 30px | haunted",
      "106,1552 500 20px | RED FLAG",
      "248,1552 500 28px | I observe more than I feel",
    ],
  },
  {
    "id": "obsessive_romantic",
    "text": [
      "96,276 500 26px | MY READING DNA34 BOOKS · 2026",
      "96,1640 500 26px | what's yours?",
      "728,1640 500 30px | bibliome.app",
      "96,943 italic 400 52px | I'm an",
      "96,1092 400 168px | Obsessive",
      "96,1239 italic 400 168px | Romantic.",
      "96,1343 italic 400 50px | I don't read books. I fall into them.",
      "96,1416 500 20px | WHAT MY BOOKS DID TO ME",
      "96,1484 500 56px | 14",
      "158,1484 500 30px | heartbreak",
      "352,1484 500 56px | 9",
      "390,1484 500 30px | catharsis",
      "569,1484 500 56px | 7",
      "606,1484 500 30px | haunted",
      "106,1552 500 20px | RED FLAG",
      "248,1552 500 28px | I quit books I can't fall in love with",
    ],
  },
  {
    "id": "emotional_archaeologist",
    "text": [
      "96,276 500 26px | MY READING DNA34 BOOKS · 2026",
      "96,1640 500 26px | what's yours?",
      "728,1640 500 30px | bibliome.app",
      "96,934 italic 400 52px | I'm an",
      "96,1061 400 140px | Emotional",
      "96,1184 italic 400 140px | Archaeologist.",
      "96,1284 italic 400 50px | Every book is a dig for a buried part",
      "96,1343 italic 400 50px | of me.",
      "96,1416 500 20px | WHAT MY BOOKS DID TO ME",
      "96,1484 500 56px | 14",
      "158,1484 500 30px | heartbreak",
      "352,1484 500 56px | 9",
      "390,1484 500 30px | catharsis",
      "569,1484 500 56px | 7",
      "606,1484 500 30px | haunted",
      "106,1552 500 20px | RED FLAG",
      "248,1552 500 28px | I find meaning even where there's none",
    ],
  },
  {
    "id": "world_diver",
    "text": [
      "96,276 500 26px | MY READING DNA34 BOOKS · 2026",
      "96,1640 500 26px | what's yours?",
      "728,1640 500 30px | bibliome.app",
      "96,1095 italic 400 52px | I'm a",
      "96,1240 italic 400 164px | World-Diver.",
      "96,1343 italic 400 50px | I read to live somewhere else.",
      "96,1416 500 20px | WHAT MY BOOKS DID TO ME",
      "96,1484 500 56px | 14",
      "158,1484 500 30px | heartbreak",
      "352,1484 500 56px | 9",
      "390,1484 500 30px | catharsis",
      "569,1484 500 56px | 7",
      "606,1484 500 30px | haunted",
      "106,1552 500 20px | RED FLAG",
      "248,1552 500 28px | I skip quiet books that don't take me anywhere",
    ],
  },
  {
    "id": "adrenaline_seeker",
    "text": [
      "96,276 500 26px | MY READING DNA34 BOOKS · 2026",
      "96,1640 500 26px | what's yours?",
      "728,1640 500 30px | bibliome.app",
      "96,884 italic 400 52px | I'm an",
      "96,1033 400 168px | Adrenaline",
      "96,1180 italic 400 168px | Seeker.",
      "96,1284 italic 400 50px | If it doesn't grab me by the collar,",
      "96,1343 italic 400 50px | I'm out.",
      "96,1416 500 20px | WHAT MY BOOKS DID TO ME",
      "96,1484 500 56px | 14",
      "158,1484 500 30px | heartbreak",
      "352,1484 500 56px | 9",
      "390,1484 500 30px | catharsis",
      "569,1484 500 56px | 7",
      "606,1484 500 30px | haunted",
      "106,1552 500 20px | RED FLAG",
      "248,1552 500 28px | I rush past the quiet parts",
    ],
  },
  {
    "id": "sunshine_romantic",
    "text": [
      "96,276 500 26px | MY READING DNA34 BOOKS · 2026",
      "96,1640 500 26px | what's yours?",
      "728,1640 500 30px | bibliome.app",
      "96,884 italic 400 52px | I'm a",
      "96,1033 400 168px | Sunshine",
      "96,1180 italic 400 168px | Romantic.",
      "96,1284 italic 400 50px | I believe in love stories. Not",
      "96,1343 italic 400 50px | embarrassed about it.",
      "96,1416 500 20px | WHAT MY BOOKS DID TO ME",
      "96,1484 500 56px | 14",
      "158,1484 500 30px | heartbreak",
      "352,1484 500 56px | 9",
      "390,1484 500 30px | catharsis",
      "569,1484 500 56px | 7",
      "606,1484 500 30px | haunted",
      "106,1552 500 20px | RED FLAG",
      "248,1552 500 28px | I bail when a story turns dark",
    ],
  },
  {
    "id": "discerning_reader",
    "text": [
      "96,276 500 26px | MY READING DNA34 BOOKS · 2026",
      "96,1640 500 26px | what's yours?",
      "728,1640 500 30px | bibliome.app",
      "96,884 italic 400 52px | I'm a",
      "96,1033 400 168px | Discerning",
      "96,1180 italic 400 168px | Reader.",
      "96,1284 italic 400 50px | Most books don't reach me. The ones",
      "96,1343 italic 400 50px | that do, matter.",
      "96,1416 500 20px | WHAT MY BOOKS DID TO ME",
      "96,1484 500 56px | 14",
      "158,1484 500 30px | heartbreak",
      "352,1484 500 56px | 9",
      "390,1484 500 30px | catharsis",
      "569,1484 500 56px | 7",
      "606,1484 500 30px | haunted",
      "106,1552 500 20px | RED FLAG",
      "248,1552 500 28px | I decide a book has failed before it's finished",
    ],
  },
]
`;
